{"sessionId":"486691","runId":"qa-vendor","timestamp":1785478344383,"hypothesisId":"H4","location":"App.js:VendorLayout","message":"Vendor route visit","data":{"path":"/vendor/dashboard","role":"vendor","hasToken":true}}
{"sessionId":"486691","runId":"qa-vendor","timestamp":1785478344390,"hypothesisId":"H-GAP","location":"App.js:VendorLayout:measure","message":"Sidebar vs main-content gap","data":{"cssVar":"260px","sidebarWidth":260,"sidebarRight":260,"mainLeft":260,"gapPx":0}}
{"sessionId":"486691","runId":"qa-vendor","timestamp":1785478344394,"hypothesisId":"H1-H5","location":"api.js:request","message":"API request","data":{"method":"get","url":"/vendors/product/?page=1&page_size=100","hasToken":true,"path":"/vendor/dashboard"}}
{"sessionId":"486691","runId":"qa-vendor","timestamp":1785478344394,"hypothesisId":"H1-H5","location":"api.js:request","message":"API request","data":{"method":"get","url":"/inventory/?page=1&page_size=100","hasToken":true,"path":"/vendor/dashboard"}}
{"sessionId":"486691","runId":"qa-vendor","timestamp":1785478344395,"hypothesisId":"H1-H5","location":"api.js:request","message":"API request","data":{"method":"get","url":"/vendors/profile/","hasToken":true,"path":"/vendor/dashboard"}}
{"sessionId":"486691","runId":"qa-vendor","timestamp":1785478344395,"hypothesisId":"H1-H5","location":"api.js:request","message":"API request","data":{"method":"get","url":"/notifications/?view=unread_count","hasToken":true,"path":"/vendor/dashboard"}}
{"sessionId":"486691","runId":"qa-vendor","timestamp":1785478344398,"hypothesisId":"H1-H5","location":"api.js:request","message":"API request","data":{"method":"get","url":"/review/vendor/?status=active&page=1&page_size=5&sort=newest","hasToken":true,"path":"/vendor/dashboard"}}
{"sessionId":"486691","runId":"qa-vendor","timestamp":1785478344396,"hypothesisId":"H1-H5","location":"api.js:request","message":"API request","data":{"method":"get","url":"/notifications/?view=list&page=1&page_size=5","hasToken":true,"path":"/vendor/dashboard"}}
{"sessionId":"486691","runId":"qa-vendor","timestamp":1785478344397,"hypothesisId":"H1-H5","location":"api.js:request","message":"API request","data":{"method":"get","url":"/vendors/orders/?page=1&page_size=5","hasToken":true,"path":"/vendor/dashboard"}}
{"sessionId":"486691","runId":"qa-vendor","timestamp":1785478344398,"hypothesisId":"H1-H5","location":"api.js:request","message":"API request","data":{"method":"get","url":"/vendors/finance/metrics/?details_limit=5","hasToken":true,"path":"/vendor/dashboard"}}
{"sessionId":"486691","runId":"qa-vendor","timestamp":1785478344399,"hypothesisId":"H1-H5","location":"api.js:request","message":"API request","data":{"method":"get","url":"/vendors/product/?page=1&page_size=100","hasToken":true,"path":"/vendor/dashboard"}}
{"sessionId":"486691","runId":"qa-vendor","timestamp":1785478344400,"hypothesisId":"H1-H5","location":"api.js:request","message":"API request","data":{"method":"get","url":"/inventory/?page=1&page_size=100","hasToken":true,"path":"/vendor/dashboard"}}
{"sessionId":"486691","runId":"qa-vendor","timestamp":1785478344402,"hypothesisId":"H1-H5","location":"api.js:request","message":"API request","data":{"method":"get","url":"/notifications/?view=unread_count","hasToken":true,"path":"/vendor/dashboard"}}
{"sessionId":"486691","runId":"qa-vendor","timestamp":1785478344405,"hypothesisId":"H1-H5","location":"api.js:request","message":"API request","data":{"method":"get","url":"/vendors/finance/metrics/?details_limit=5","hasToken":true,"path":"/vendor/dashboard"}}
{"sessionId":"486691","runId":"qa-vendor","timestamp":1785478344401,"hypothesisId":"H1-H5","location":"api.js:request","message":"API request","data":{"method":"get","url":"/vendors/profile/","hasToken":true,"path":"/vendor/dashboard"}}
{"sessionId":"486691","runId":"qa-vendor","timestamp":1785478344403,"hypothesisId":"H1-H5","location":"api.js:request","message":"API request","data":{"method":"get","url":"/notifications/?view=list&page=1&page_size=5","hasToken":true,"path":"/vendor/dashboard"}}
{"sessionId":"486691","runId":"qa-vendor","timestamp":1785478344403,"hypothesisId":"H1-H5","location":"api.js:request","message":"API request","data":{"method":"get","url":"/vendors/orders/?page=1&page_size=5","hasToken":true,"path":"/vendor/dashboard"}}
{"sessionId":"486691","runId":"qa-vendor","timestamp":1785478344404,"hypothesisId":"H1-H5","location":"api.js:request","message":"API request","data":{"method":"get","url":"/review/vendor/?status=active&page=1&page_size=5&sort=newest","hasToken":true,"path":"/vendor/dashboard"}}
{"sessionId":"486691","runId":"qa-vendor","timestamp":1785478344894,"hypothesisId":"H-GAP","location":"App.js:VendorLayout:measure","message":"Sidebar vs main-content gap","data":{"cssVar":"260px","sidebarWidth":260,"sidebarRight":260,"mainLeft":260,"gapPx":0}}
{"sessionId":"486691","runId":"qa-vendor","timestamp":1785478347473,"hypothesisId":"H2","location":"api.js:response-ok","message":"API success","data":{"method":"get","url":"/vendors/product/?page=1&page_size=100","status":200,"dataType":"object","hasResults":true,"path":"/vendor/dashboard"}}
{"sessionId":"486691","runId":"qa-vendor","timestamp":1785478347812,"hypothesisId":"H2","location":"api.js:response-ok","message":"API success","data":{"method":"get","url":"/inventory/?page=1&page_size=100","status":200,"dataType":"object","hasResults":true,"path":"/vendor/dashboard"}}
{"sessionId":"486691","runId":"qa-vendor","timestamp":1785478348266,"hypothesisId":"H2","location":"api.js:response-ok","message":"API success","data":{"method":"get","url":"/notifications/?view=list&page=1&page_size=5","status":200,"dataType":"object","hasResults":true,"path":"/vendor/dashboard"}}
{"sessionId":"486691","runId":"qa-vendor","timestamp":1785478348696,"hypothesisId":"H2","location":"api.js:response-ok","message":"API success","data":{"method":"get","url":"/vendors/orders/?page=1&page_size=5","status":200,"dataType":"object","hasResults":true,"path":"/vendor/dashboard"}}
{"sessionId":"486691","runId":"qa-vendor","timestamp":1785478348700,"hypothesisId":"H2","location":"api.js:response-ok","message":"API success","data":{"method":"get","url":"/review/vendor/?status=active&page=1&page_size=5&sort=newest","status":200,"dataType":"object","hasResults":false,"path":"/vendor/dashboard"}}
{"sessionId":"486691","runId":"qa-vendor","timestamp":1785478349046,"hypothesisId":"H2","location":"api.js:response-ok","message":"API success","data":{"method":"get","url":"/notifications/?view=unread_count","status":200,"dataType":"object","hasResults":false,"path":"/vendor/dashboard"}}
{"sessionId":"486691","runId":"qa-vendor","timestamp":1785478349396,"hypothesisId":"H2","location":"api.js:response-ok","message":"API success","data":{"method":"get","url":"/vendors/profile/","status":200,"dataType":"object","hasResults":false,"path":"/vendor/dashboard"}}
{"sessionId":"486691","runId":"qa-vendor","timestamp":1785478349815,"hypothesisId":"H2","location":"api.js:response-ok","message":"API success","data":{"method":"get","url":"/vendors/product/?page=1&page_size=100","status":200,"dataType":"object","hasResults":true,"path":"/vendor/dashboard"}}
{"sessionId":"486691","runId":"qa-vendor","timestamp":1785478349820,"hypothesisId":"H2","location":"api.js:response-ok","message":"API success","data":{"method":"get","url":"/notifications/?view=list&page=1&page_size=5","status":200,"dataType":"object","hasResults":true,"path":"/vendor/dashboard"}}
{"sessionId":"486691","runId":"qa-vendor","timestamp":1785478350063,"hypothesisId":"H2","location":"api.js:response-ok","message":"API success","data":{"method":"get","url":"/inventory/?page=1&page_size=100","status":200,"dataType":"object","hasResults":true,"path":"/vendor/dashboard"}}
{"sessionId":"486691","runId":"qa-vendor","timestamp":1785478350321,"hypothesisId":"H2","location":"api.js:response-ok","message":"API success","data":{"method":"get","url":"/review/vendor/?status=active&page=1&page_size=5&sort=newest","status":200,"dataType":"object","hasResults":false,"path":"/vendor/dashboard"}}
{"sessionId":"486691","runId":"qa-vendor","timestamp":1785478350395,"hypothesisId":"H2","location":"api.js:response-ok","message":"API success","data":{"method":"get","url":"/notifications/?view=unread_count","status":200,"dataType":"object","hasResults":false,"path":"/vendor/dashboard"}}
{"sessionId":"486691","runId":"qa-vendor","timestamp":1785478351486,"hypothesisId":"H2","location":"api.js:response-ok","message":"API success","data":{"method":"get","url":"/vendors/orders/?page=1&page_size=5","status":200,"dataType":"object","hasResults":true,"path":"/vendor/dashboard"}}
{"sessionId":"486691","runId":"qa-vendor","timestamp":1785478351904,"hypothesisId":"H2","location":"api.js:response-ok","message":"API success","data":{"method":"get","url":"/vendors/finance/metrics/?details_limit=5","status":200,"dataType":"object","hasResults":false,"path":"/vendor/dashboard"}}
{"sessionId":"486691","runId":"qa-vendor","timestamp":1785478352241,"hypothesisId":"H2","location":"api.js:response-ok","message":"API success","data":{"method":"get","url":"/vendors/profile/","status":200,"dataType":"object","hasResults":false,"path":"/vendor/dashboard"}}
{"sessionId":"486691","runId":"qa-vendor","timestamp":1785478358166,"hypothesisId":"H2","location":"api.js:response-ok","message":"API success","data":{"method":"get","url":"/vendors/finance/metrics/?details_limit=5","status":200,"dataType":"object","hasResults":false,"path":"/vendor/dashboard"}}
{"sessionId":"486691","runId":"qa-vendor","timestamp":1785478379130,"hypothesisId":"H4","location":"App.js:VendorLayout","message":"Vendor route visit","data":{"path":"/vendor/dashboard","role":"vendor","hasToken":true}}
{"sessionId":"486691","runId":"qa-vendor","timestamp":1785478379131,"hypothesisId":"H-GAP","location":"App.js:VendorLayout:measure","message":"Sidebar vs main-content gap","data":{"cssVar":"260px","sidebarWidth":260,"sidebarRight":260,"mainLeft":260,"gapPx":0}}
{"sessionId":"486691","runId":"qa-vendor","timestamp":1785478379135,"hypothesisId":"H4","location":"App.js:VendorLayout","message":"Vendor route visit","data":{"path":"/vendor/dashboard","role":"vendor","hasToken":true}}
{"sessionId":"486691","runId":"qa-vendor","timestamp":1785478379137,"hypothesisId":"H-GAP","location":"App.js:VendorLayout:measure","message":"Sidebar vs main-content gap","data":{"cssVar":"260px","sidebarWidth":260,"sidebarRight":260,"mainLeft":260,"gapPx":0}}
{"sessionId":"486691","runId":"qa-vendor","timestamp":1785478379139,"hypothesisId":"H1-H5","location":"api.js:request","message":"API request","data":{"method":"get","url":"/notifications/?view=unread_count","hasToken":true,"path":"/vendor/dashboard"}}
{"sessionId":"486691","runId":"qa-vendor","timestamp":1785478379140,"hypothesisId":"H1-H5","location":"api.js:request","message":"API request","data":{"method":"get","url":"/notifications/?view=unread_count","hasToken":true,"path":"/vendor/dashboard"}}
{"sessionId":"486691","runId":"qa-vendor","timestamp":1785478379425,"hypothesisId":"H1-H5","location":"api.js:request","message":"API request","data":{"method":"get","url":"/vendors/product/?page=1&page_size=100","hasToken":true,"path":"/vendor/dashboard"}}
{"sessionId":"486691","runId":"qa-vendor","timestamp":1785478379425,"hypothesisId":"H1-H5","location":"api.js:request","message":"API request","data":{"method":"get","url":"/inventory/?page=1&page_size=100","hasToken":true,"path":"/vendor/dashboard"}}
{"sessionId":"486691","runId":"qa-vendor","timestamp":1785478379426,"hypothesisId":"H1-H5","location":"api.js:request","message":"API request","data":{"method":"get","url":"/vendors/profile/","hasToken":true,"path":"/vendor/dashboard"}}
{"sessionId":"486691","runId":"qa-vendor","timestamp":1785478379426,"hypothesisId":"H1-H5","location":"api.js:request","message":"API request","data":{"method":"get","url":"/notifications/?view=unread_count","hasToken":true,"path":"/vendor/dashboard"}}
{"sessionId":"486691","runId":"qa-vendor","timestamp":1785478379426,"hypothesisId":"H1-H5","location":"api.js:request","message":"API request","data":{"method":"get","url":"/notifications/?view=list&page=1&page_size=5","hasToken":true,"path":"/vendor/dashboard"}}
{"sessionId":"486691","runId":"qa-vendor","timestamp":1785478379427,"hypothesisId":"H1-H5","location":"api.js:request","message":"API request","data":{"method":"get","url":"/vendors/orders/?page=1&page_size=5","hasToken":true,"path":"/vendor/dashboard"}}
{"sessionId":"486691","runId":"qa-vendor","timestamp":1785478379427,"hypothesisId":"H1-H5","location":"api.js:request","message":"API request","data":{"method":"get","url":"/review/vendor/?status=active&page=1&page_size=5&sort=newest","hasToken":true,"path":"/vendor/dashboard"}}
{"sessionId":"486691","runId":"qa-vendor","timestamp":1785478379427,"hypothesisId":"H1-H5","location":"api.js:request","message":"API request","data":{"method":"get","url":"/vendors/finance/metrics/?details_limit=5","hasToken":true,"path":"/vendor/dashboard"}}
{"sessionId":"486691","runId":"qa-vendor","timestamp":1785478379427,"hypothesisId":"H1-H5","location":"api.js:request","message":"API request","data":{"method":"get","url":"/vendors/product/?page=1&page_size=100","hasToken":true,"path":"/vendor/dashboard"}}
{"sessionId":"486691","runId":"qa-vendor","timestamp":1785478379428,"hypothesisId":"H1-H5","location":"api.js:request","message":"API request","data":{"method":"get","url":"/inventory/?page=1&page_size=100","hasToken":true,"path":"/vendor/dashboard"}}
{"sessionId":"486691","runId":"qa-vendor","timestamp":1785478379428,"hypothesisId":"H1-H5","location":"api.js:request","message":"API request","data":{"method":"get","url":"/vendors/profile/","hasToken":true,"path":"/vendor/dashboard"}}
{"sessionId":"486691","runId":"qa-vendor","timestamp":1785478379428,"hypothesisId":"H1-H5","location":"api.js:request","message":"API request","data":{"method":"get","url":"/notifications/?view=unread_count","hasToken":true,"path":"/vendor/dashboard"}}
{"sessionId":"486691","runId":"qa-vendor","timestamp":1785478379429,"hypothesisId":"H1-H5","location":"api.js:request","message":"API request","data":{"method":"get","url":"/notifications/?view=list&page=1&page_size=5","hasToken":true,"path":"/vendor/dashboard"}}
{"sessionId":"486691","runId":"qa-vendor","timestamp":1785478379429,"hypothesisId":"H1-H5","location":"api.js:request","message":"API request","data":{"method":"get","url":"/vendors/orders/?page=1&page_size=5","hasToken":true,"path":"/vendor/dashboard"}}
{"sessionId":"486691","runId":"qa-vendor","timestamp":1785478379430,"hypothesisId":"H1-H5","location":"api.js:request","message":"API request","data":{"method":"get","url":"/review/vendor/?status=active&page=1&page_size=5&sort=newest","hasToken":true,"path":"/vendor/dashboard"}}
{"sessionId":"486691","runId":"qa-vendor","timestamp":1785478379430,"hypothesisId":"H1-H5","location":"api.js:request","message":"API request","data":{"method":"get","url":"/vendors/finance/metrics/?details_limit=5","hasToken":true,"path":"/vendor/dashboard"}}
{"sessionId":"486691","runId":"qa-vendor","timestamp":1785478379638,"hypothesisId":"H-GAP","location":"App.js:VendorLayout:measure","message":"Sidebar vs main-content gap","data":{"cssVar":"260px","sidebarWidth":260,"sidebarRight":260,"mainLeft":260,"gapPx":0}}
{"sessionId":"486691","runId":"qa-vendor","timestamp":1785478380614,"hypothesisId":"H2","location":"api.js:response-ok","message":"API success","data":{"method":"get","url":"/notifications/?view=unread_count","status":200,"dataType":"object","hasResults":false,"path":"/vendor/dashboard"}}
{"sessionId":"486691","runId":"qa-vendor","timestamp":1785478380678,"hypothesisId":"H2","location":"api.js:response-ok","message":"API success","data":{"method":"get","url":"/notifications/?view=unread_count","status":200,"dataType":"object","hasResults":false,"path":"/vendor/dashboard"}}
{"sessionId":"486691","runId":"qa-vendor","timestamp":1785478380898,"hypothesisId":"H2","location":"api.js:response-ok","message":"API success","data":{"method":"get","url":"/notifications/?view=list&page=1&page_size=5","status":200,"dataType":"object","hasResults":true,"path":"/vendor/dashboard"}}
{"sessionId":"486691","runId":"qa-vendor","timestamp":1785478381015,"hypothesisId":"H2","location":"api.js:response-ok","message":"API success","data":{"method":"get","url":"/inventory/?page=1&page_size=100","status":200,"dataType":"object","hasResults":true,"path":"/vendor/dashboard"}}
{"sessionId":"486691","runId":"qa-vendor","timestamp":1785478381104,"hypothesisId":"H2","location":"api.js:response-ok","message":"API success","data":{"method":"get","url":"/review/vendor/?status=active&page=1&page_size=5&sort=newest","status":200,"dataType":"object","hasResults":false,"path":"/vendor/dashboard"}}
{"sessionId":"486691","runId":"qa-vendor","timestamp":1785478381107,"hypothesisId":"H2","location":"api.js:response-ok","message":"API success","data":{"method":"get","url":"/vendors/product/?page=1&page_size=100","status":200,"dataType":"object","hasResults":true,"path":"/vendor/dashboard"}}
{"sessionId":"486691","runId":"qa-vendor","timestamp":1785478381143,"hypothesisId":"H2","location":"api.js:response-ok","message":"API success","data":{"method":"get","url":"/vendors/orders/?page=1&page_size=5","status":200,"dataType":"object","hasResults":true,"path":"/vendor/dashboard"}}
{"sessionId":"486691","runId":"qa-vendor","timestamp":1785478381266,"hypothesisId":"H2","location":"api.js:response-ok","message":"API success","data":{"method":"get","url":"/notifications/?view=unread_count","status":200,"dataType":"object","hasResults":false,"path":"/vendor/dashboard"}}
{"sessionId":"486691","runId":"qa-vendor","timestamp":1785478381565,"hypothesisId":"H2","location":"api.js:response-ok","message":"API success","data":{"method":"get","url":"/vendors/profile/","status":200,"dataType":"object","hasResults":false,"path":"/vendor/dashboard"}}
{"sessionId":"486691","runId":"qa-vendor","timestamp":1785478381642,"hypothesisId":"H2","location":"api.js:response-ok","message":"API success","data":{"method":"get","url":"/notifications/?view=list&page=1&page_size=5","status":200,"dataType":"object","hasResults":true,"path":"/vendor/dashboard"}}
{"sessionId":"486691","runId":"qa-vendor","timestamp":1785478382014,"hypothesisId":"H2","location":"api.js:response-ok","message":"API success","data":{"method":"get","url":"/notifications/?view=unread_count","status":200,"dataType":"object","hasResults":false,"path":"/vendor/dashboard"}}
{"sessionId":"486691","runId":"qa-vendor","timestamp":1785478382038,"hypothesisId":"H2","location":"api.js:response-ok","message":"API success","data":{"method":"get","url":"/inventory/?page=1&page_size=100","status":200,"dataType":"object","hasResults":true,"path":"/vendor/dashboard"}}
{"sessionId":"486691","runId":"qa-vendor","timestamp":1785478382592,"hypothesisId":"H2","location":"api.js:response-ok","message":"API success","data":{"method":"get","url":"/review/vendor/?status=active&page=1&page_size=5&sort=newest","status":200,"dataType":"object","hasResults":false,"path":"/vendor/dashboard"}}
{"sessionId":"486691","runId":"qa-vendor","timestamp":1785478382595,"hypothesisId":"H2","location":"api.js:response-ok","message":"API success","data":{"method":"get","url":"/vendors/orders/?page=1&page_size=5","status":200,"dataType":"object","hasResults":true,"path":"/vendor/dashboard"}}
{"sessionId":"486691","runId":"qa-vendor","timestamp":1785478382681,"hypothesisId":"H2","location":"api.js:response-ok","message":"API success","data":{"method":"get","url":"/vendors/product/?page=1&page_size=100","status":200,"dataType":"object","hasResults":true,"path":"/vendor/dashboard"}}
{"sessionId":"486691","runId":"qa-vendor","timestamp":1785478383185,"hypothesisId":"H2","location":"api.js:response-ok","message":"API success","data":{"method":"get","url":"/vendors/profile/","status":200,"dataType":"object","hasResults":false,"path":"/vendor/dashboard"}}
{"sessionId":"486691","runId":"qa-vendor","timestamp":1785478383751,"hypothesisId":"H2","location":"api.js:response-ok","message":"API success","data":{"method":"get","url":"/vendors/finance/metrics/?details_limit=5","status":200,"dataType":"object","hasResults":false,"path":"/vendor/dashboard"}}
{"sessionId":"486691","runId":"qa-vendor","timestamp":1785478386478,"hypothesisId":"H2","location":"api.js:response-ok","message":"API success","data":{"method":"get","url":"/vendors/finance/metrics/?details_limit=5","status":200,"dataType":"object","hasResults":false,"path":"/vendor/dashboard"}}
{"sessionId":"486691","runId":"qa-vendor","timestamp":1785478409825,"hypothesisId":"H4","location":"App.js:VendorLayout","message":"Vendor route visit","data":{"path":"/vendor/stock","role":"vendor","hasToken":true}}
{"sessionId":"486691","runId":"qa-vendor","timestamp":1785478409835,"hypothesisId":"H-GAP","location":"App.js:VendorLayout:measure","message":"Sidebar vs main-content gap","data":{"cssVar":"260px","sidebarWidth":260,"sidebarRight":260,"mainLeft":260,"gapPx":0}}
{"sessionId":"486691","runId":"qa-vendor","timestamp":1785478409837,"hypothesisId":"H1-H5","location":"api.js:request","message":"API request","data":{"method":"get","url":"/vendors/product/?page=1&page_size=100","hasToken":true,"path":"/vendor/stock"}}
{"sessionId":"486691","runId":"qa-vendor","timestamp":1785478410337,"hypothesisId":"H-GAP","location":"App.js:VendorLayout:measure","message":"Sidebar vs main-content gap","data":{"cssVar":"260px","sidebarWidth":260,"sidebarRight":260,"mainLeft":260,"gapPx":0}}
{"sessionId":"486691","runId":"qa-vendor","timestamp":1785478410817,"hypothesisId":"H2","location":"api.js:response-ok","message":"API success","data":{"method":"get","url":"/vendors/product/?page=1&page_size=100","status":200,"dataType":"object","hasResults":true,"path":"/vendor/stock"}}
{"sessionId":"486691","runId":"qa-vendor","timestamp":1785478410819,"hypothesisId":"H1-H5","location":"api.js:request","message":"API request","data":{"method":"get","url":"/inventory/?page_size=500","hasToken":true,"path":"/vendor/stock"}}
{"sessionId":"486691","runId":"qa-vendor","timestamp":1785478411139,"hypothesisId":"H1-H5","location":"api.js:request","message":"API request","data":{"method":"get","url":"/inventory/?page=1&page_size=10","hasToken":true,"path":"/vendor/stock"}}
{"sessionId":"486691","runId":"qa-vendor","timestamp":1785478411660,"hypothesisId":"H2","location":"api.js:response-ok","message":"API success","data":{"method":"get","url":"/inventory/?page_size=500","status":200,"dataType":"object","hasResults":true,"path":"/vendor/stock"}}
{"sessionId":"486691","runId":"qa-vendor","timestamp":1785478411963,"hypothesisId":"H2","location":"api.js:response-ok","message":"API success","data":{"method":"get","url":"/inventory/?page=1&page_size=10","status":200,"dataType":"object","hasResults":true,"path":"/vendor/stock"}}
{"sessionId":"486691","runId":"qa-vendor","timestamp":1785478411964,"hypothesisId":"H1-H5","location":"api.js:request","message":"API request","data":{"method":"get","url":"/vendors/product/?id=a548c0e2-30d8-4264-9344-f22c8a4741e7&variant_id=66be688e-98b5-40d2-87ca-0ba623c928d9","hasToken":true,"path":"/vendor/stock"}}
{"sessionId":"486691","runId":"qa-vendor","timestamp":1785478411964,"hypothesisId":"H1-H5","location":"api.js:request","message":"API request","data":{"method":"get","url":"/vendors/product/?id=87348ac0-e85d-4ccd-b99b-362ef69bdff5&variant_id=a3d473de-8379-432c-a393-53ae6e446369","hasToken":true,"path":"/vendor/stock"}}
{"sessionId":"486691","runId":"qa-vendor","timestamp":1785478413164,"hypothesisId":"H2","location":"api.js:response-ok","message":"API success","data":{"method":"get","url":"/vendors/product/?id=87348ac0-e85d-4ccd-b99b-362ef69bdff5&variant_id=a3d473de-8379-432c-a393-53ae6e446369","status":200,"dataType":"object","hasResults":false,"path":"/vendor/stock"}}
{"sessionId":"486691","runId":"qa-vendor","timestamp":1785478413165,"hypothesisId":"H2","location":"api.js:response-ok","message":"API success","data":{"method":"get","url":"/vendors/product/?id=a548c0e2-30d8-4264-9344-f22c8a4741e7&variant_id=66be688e-98b5-40d2-87ca-0ba623c928d9","status":200,"dataType":"object","hasResults":false,"path":"/vendor/stock"}}
{"sessionId":"486691","runId":"qa-vendor","timestamp":1785478498759,"hypothesisId":"H4","location":"App.js:VendorLayout","message":"Vendor route visit","data":{"path":"/vendor/dashboard","role":"vendor","hasToken":true}}
{"sessionId":"486691","runId":"qa-vendor","timestamp":1785478498764,"hypothesisId":"H-GAP","location":"App.js:VendorLayout:measure","message":"Sidebar vs main-content gap","data":{"cssVar":"260px","sidebarWidth":260,"sidebarRight":260,"mainLeft":260,"gapPx":0}}
{"sessionId":"486691","runId":"qa-vendor","timestamp":1785478498770,"hypothesisId":"H1-H5","location":"api.js:request","message":"API request","data":{"method":"get","url":"/vendors/product/?page=1&page_size=100","hasToken":true,"path":"/vendor/dashboard"}}
{"sessionId":"486691","runId":"qa-vendor","timestamp":1785478498770,"hypothesisId":"H1-H5","location":"api.js:request","message":"API request","data":{"method":"get","url":"/inventory/?page=1&page_size=100","hasToken":true,"path":"/vendor/dashboard"}}
{"sessionId":"486691","runId":"qa-vendor","timestamp":1785478498771,"hypothesisId":"H1-H5","location":"api.js:request","message":"API request","data":{"method":"get","url":"/vendors/profile/","hasToken":true,"path":"/vendor/dashboard"}}
{"sessionId":"486691","runId":"qa-vendor","timestamp":1785478498771,"hypothesisId":"H1-H5","location":"api.js:request","message":"API request","data":{"method":"get","url":"/notifications/?view=list&page=1&page_size=5","hasToken":true,"path":"/vendor/dashboard"}}
{"sessionId":"486691","runId":"qa-vendor","timestamp":1785478498772,"hypothesisId":"H1-H5","location":"api.js:request","message":"API request","data":{"method":"get","url":"/vendors/orders/?page=1&page_size=5","hasToken":true,"path":"/vendor/dashboard"}}
{"sessionId":"486691","runId":"qa-vendor","timestamp":1785478498772,"hypothesisId":"H1-H5","location":"api.js:request","message":"API request","data":{"method":"get","url":"/review/vendor/?status=active&page=1&page_size=5&sort=newest","hasToken":true,"path":"/vendor/dashboard"}}
{"sessionId":"486691","runId":"qa-vendor","timestamp":1785478498772,"hypothesisId":"H1-H5","location":"api.js:request","message":"API request","data":{"method":"get","url":"/vendors/finance/metrics/?details_limit=5","hasToken":true,"path":"/vendor/dashboard"}}
{"sessionId":"486691","runId":"qa-vendor","timestamp":1785478498771,"hypothesisId":"H1-H5","location":"api.js:request","message":"API request","data":{"method":"get","url":"/notifications/?view=unread_count","hasToken":true,"path":"/vendor/dashboard"}}
{"sessionId":"486691","runId":"qa-vendor","timestamp":1785478498773,"hypothesisId":"H1-H5","location":"api.js:request","message":"API request","data":{"method":"get","url":"/vendors/product/?page=1&page_size=100","hasToken":true,"path":"/vendor/dashboard"}}
{"sessionId":"486691","runId":"qa-vendor","timestamp":1785478498773,"hypothesisId":"H1-H5","location":"api.js:request","message":"API request","data":{"method":"get","url":"/inventory/?page=1&page_size=100","hasToken":true,"path":"/vendor/dashboard"}}
{"sessionId":"486691","runId":"qa-vendor","timestamp":1785478498774,"hypothesisId":"H1-H5","location":"api.js:request","message":"API request","data":{"method":"get","url":"/vendors/profile/","hasToken":true,"path":"/vendor/dashboard"}}
{"sessionId":"486691","runId":"qa-vendor","timestamp":1785478498775,"hypothesisId":"H1-H5","location":"api.js:request","message":"API request","data":{"method":"get","url":"/notifications/?view=unread_count","hasToken":true,"path":"/vendor/dashboard"}}
{"sessionId":"486691","runId":"qa-vendor","timestamp":1785478498775,"hypothesisId":"H1-H5","location":"api.js:request","message":"API request","data":{"method":"get","url":"/notifications/?view=list&page=1&page_size=5","hasToken":true,"path":"/vendor/dashboard"}}
{"sessionId":"486691","runId":"qa-vendor","timestamp":1785478498775,"hypothesisId":"H1-H5","location":"api.js:request","message":"API request","data":{"method":"get","url":"/vendors/orders/?page=1&page_size=5","hasToken":true,"path":"/vendor/dashboard"}}
{"sessionId":"486691","runId":"qa-vendor","timestamp":1785478498776,"hypothesisId":"H1-H5","location":"api.js:request","message":"API request","data":{"method":"get","url":"/review/vendor/?status=active&page=1&page_size=5&sort=newest","hasToken":true,"path":"/vendor/dashboard"}}
{"sessionId":"486691","runId":"qa-vendor","timestamp":1785478498776,"hypothesisId":"H1-H5","location":"api.js:request","message":"API request","data":{"method":"get","url":"/vendors/finance/metrics/?details_limit=5","hasToken":true,"path":"/vendor/dashboard"}}
{"sessionId":"486691","runId":"qa-vendor","timestamp":1785478499268,"hypothesisId":"H-GAP","location":"App.js:VendorLayout:measure","message":"Sidebar vs main-content gap","data":{"cssVar":"260px","sidebarWidth":260,"sidebarRight":260,"mainLeft":260,"gapPx":0}}
{"sessionId":"486691","runId":"qa-vendor","timestamp":1785478502015,"hypothesisId":"H2","location":"api.js:response-ok","message":"API success","data":{"method":"get","url":"/notifications/?view=unread_count","status":200,"dataType":"object","hasResults":false,"path":"/vendor/dashboard"}}
{"sessionId":"486691","runId":"qa-vendor","timestamp":1785478502067,"hypothesisId":"H2","location":"api.js:response-ok","message":"API success","data":{"method":"get","url":"/notifications/?view=list&page=1&page_size=5","status":200,"dataType":"object","hasResults":true,"path":"/vendor/dashboard"}}
{"sessionId":"486691","runId":"qa-vendor","timestamp":1785478502322,"hypothesisId":"H2","location":"api.js:response-ok","message":"API success","data":{"method":"get","url":"/inventory/?page=1&page_size=100","status":200,"dataType":"object","hasResults":true,"path":"/vendor/dashboard"}}
{"sessionId":"486691","runId":"qa-vendor","timestamp":1785478502325,"hypothesisId":"H2","location":"api.js:response-ok","message":"API success","data":{"method":"get","url":"/vendors/profile/","status":200,"dataType":"object","hasResults":false,"path":"/vendor/dashboard"}}
{"sessionId":"486691","runId":"qa-vendor","timestamp":1785478502414,"hypothesisId":"H2","location":"api.js:response-ok","message":"API success","data":{"method":"get","url":"/review/vendor/?status=active&page=1&page_size=5&sort=newest","status":200,"dataType":"object","hasResults":false,"path":"/vendor/dashboard"}}
{"sessionId":"486691","runId":"qa-vendor","timestamp":1785478502610,"hypothesisId":"H2","location":"api.js:response-ok","message":"API success","data":{"method":"get","url":"/vendors/orders/?page=1&page_size=5","status":200,"dataType":"object","hasResults":true,"path":"/vendor/dashboard"}}
{"sessionId":"486691","runId":"qa-vendor","timestamp":1785478502685,"hypothesisId":"H2","location":"api.js:response-ok","message":"API success","data":{"method":"get","url":"/vendors/product/?page=1&page_size=100","status":200,"dataType":"object","hasResults":true,"path":"/vendor/dashboard"}}
{"sessionId":"486691","runId":"qa-vendor","timestamp":1785478503098,"hypothesisId":"H2","location":"api.js:response-ok","message":"API success","data":{"method":"get","url":"/notifications/?view=unread_count","status":200,"dataType":"object","hasResults":false,"path":"/vendor/dashboard"}}
{"sessionId":"486691","runId":"qa-vendor","timestamp":1785478503158,"hypothesisId":"H2","location":"api.js:response-ok","message":"API success","data":{"method":"get","url":"/notifications/?view=list&page=1&page_size=5","status":200,"dataType":"object","hasResults":true,"path":"/vendor/dashboard"}}
{"sessionId":"486691","runId":"qa-vendor","timestamp":1785478503320,"hypothesisId":"H2","location":"api.js:response-ok","message":"API success","data":{"method":"get","url":"/review/vendor/?status=active&page=1&page_size=5&sort=newest","status":200,"dataType":"object","hasResults":false,"path":"/vendor/dashboard"}}
{"sessionId":"486691","runId":"qa-vendor","timestamp":1785478503333,"hypothesisId":"H2","location":"api.js:response-ok","message":"API success","data":{"method":"get","url":"/vendors/finance/metrics/?details_limit=5","status":200,"dataType":"object","hasResults":false,"path":"/vendor/dashboard"}}
{"sessionId":"486691","runId":"qa-vendor","timestamp":1785478503346,"hypothesisId":"H2","location":"api.js:response-ok","message":"API success","data":{"method":"get","url":"/inventory/?page=1&page_size=100","status":200,"dataType":"object","hasResults":true,"path":"/vendor/dashboard"}}
{"sessionId":"486691","runId":"qa-vendor","timestamp":1785478503627,"hypothesisId":"H2","location":"api.js:response-ok","message":"API success","data":{"method":"get","url":"/vendors/profile/","status":200,"dataType":"object","hasResults":false,"path":"/vendor/dashboard"}}
{"sessionId":"486691","runId":"qa-vendor","timestamp":1785478503629,"hypothesisId":"H2","location":"api.js:response-ok","message":"API success","data":{"method":"get","url":"/vendors/orders/?page=1&page_size=5","status":200,"dataType":"object","hasResults":true,"path":"/vendor/dashboard"}}
{"sessionId":"486691","runId":"qa-vendor","timestamp":1785478503727,"hypothesisId":"H2","location":"api.js:response-ok","message":"API success","data":{"method":"get","url":"/vendors/product/?page=1&page_size=100","status":200,"dataType":"object","hasResults":true,"path":"/vendor/dashboard"}}
{"sessionId":"486691","runId":"qa-vendor","timestamp":1785478505445,"hypothesisId":"H2","location":"api.js:response-ok","message":"API success","data":{"method":"get","url":"/vendors/finance/metrics/?details_limit=5","status":200,"dataType":"object","hasResults":false,"path":"/vendor/dashboard"}}
